
=== PlasmaDX Log Session Started ===
Time: 2025-09-20 19:03:14
=====================================

[INFO] === PlasmaDX Starting (FMA3 disabled for CPU compatibility) ===
[INFO] App created, initializing...
[INFO] Debug console allocated
[INFO] Quit-on-device-removal is ENABLED (default)
[INFO] Initializing PlasmaDX with D3D12 Agility SDK...
[INFO] Agility exports: D3D12SDKVersion=717, D3D12SDKPath=D3D12\
[INFO] Debug console allocated
[INFO] Starting window creation...
[INFO] Registering window class...
[INFO] Creating window...
[INFO] Showing window...
[INFO] ShowWindow completed, calling UpdateWindow...
[INFO] UpdateWindow completed
[INFO] Window created successfully
[INFO] Window creation completed, starting device creation...
[INFO] === DEVICE CREATION MATRIX ===
[INFO] Testing: agility=ON debug=OFF
[INFO] Creating D3D12 device...
[INFO] Debug layer disabled for matrix testing
[INFO] Creating DXGI factory...
[INFO] DXGI factory created successfully
[INFO] Enumerating adapters...
[INFO] Found adapter: NVIDIA GeForce RTX 4060 Ti
[INFO] Attempting to create D3D12 device with adapter: NVIDIA GeForce RTX 4060 Ti
[ERROR] Failed to create device with adapter NVIDIA GeForce RTX 4060 Ti: 0x2289958915
[INFO] Found adapter: Microsoft Basic Render Driver
[INFO] Skipping software adapter
[ERROR] MATRIX RESULT: agility=ON debug=OFF → FAILED
[ERROR] Failed to create D3D12 device
[ERROR] Failed to create D3D12 device
[ERROR] Initialization failed!

=== PlasmaDX Log Session Ended ===

=== PlasmaDX Log Session Started ===
Time: 2025-09-20 19:04:21
=====================================

[INFO] === PlasmaDX Starting (FMA3 disabled for CPU compatibility) ===
[INFO] App created, initializing...
[INFO] Debug console allocated
[INFO] Quit-on-device-removal is ENABLED (default)
[INFO] Initializing PlasmaDX with D3D12 Agility SDK...
[INFO] Agility exports: D3D12SDKVersion=616, D3D12SDKPath=D3D12\
[INFO] Debug console allocated
[INFO] Starting window creation...
[INFO] Registering window class...
[INFO] Creating window...
[INFO] Showing window...
[INFO] ShowWindow completed, calling UpdateWindow...
[INFO] UpdateWindow completed
[INFO] Window created successfully
[INFO] Window creation completed, starting device creation...
[INFO] === DEVICE CREATION MATRIX ===
[INFO] Testing: agility=ON debug=OFF
[INFO] Creating D3D12 device...
[INFO] Debug layer disabled for matrix testing
[INFO] Creating DXGI factory...
[INFO] DXGI factory created successfully
[INFO] Enumerating adapters...
[INFO] Found adapter: NVIDIA GeForce RTX 4060 Ti
[INFO] Attempting to create D3D12 device with adapter: NVIDIA GeForce RTX 4060 Ti
[INFO] D3D12 device created successfully
[INFO] Setting up InfoQueue for enhanced diagnostics...
[INFO] DXGI InfoQueue configured - logging errors (no breaks)
[INFO] MATRIX RESULT: agility=ON debug=OFF → SUCCESS tier=1.1
[INFO] DXR Tier: 1.1
[INFO] Initializing DXR...
[INFO] ASBuilder stub created
[INFO] Creating DescriptorHeap: type=CBV_SRV_UAV capacity=64 shaderVisible=true
[INFO] DescriptorHeap initialized successfully
[INFO] Building acceleration structures...
[INFO] ASBuilder::CreateTriangleBLAS stub - allocating dummy buffers
[INFO] ASBuilder::CreateTriangleBLAS stub completed successfully
[INFO] ASBuilder::BuildTLAS stub - allocating dummy buffers
[INFO] ASBuilder::BuildTLAS stub completed successfully
[INFO] Creating DXR pipeline with offline compiled shaders...
[ERROR] Failed to load DXR shader: Failed to load shader file: shaders/dxr/raytracing_lib.dxil
[WARN] Falling back to rasterization mode
[INFO] Creating shader binding table...
[INFO] PIX: SBT Build Start
[INFO] SBT stub created
[ERROR] === UNHANDLED EXCEPTION: 0xC0000005 ===
[ERROR] Exception address: 00007FF747D7AD7B
[ERROR] Faulting module: D:\Users\dilli\AndroidStudioProjects\PlasmaDX\build-vs2022b\Debug\PlasmaDX.exe
[ERROR] Stack trace:
[ERROR]   [0] 00007FFAD5AF6FD3
[ERROR]   [1] 00007FFAD89CA663
[ERROR]   [2] 00007FFAD8981AE3
[ERROR]   [3] 00007FFAD89C637F
[ERROR]   [4] 00007FFAD8872327
[ERROR]   [5] 00007FFAD89C5CBE
[ERROR]   [6] 00007FF747D7AD7B
[ERROR]   [7] 00007FF747D7AE8B
[ERROR]   [8] 00007FF747D6D1AB
[ERROR]   [9] 00007FF747D6BCDD
[ERROR]   [10] 00007FF747D65E93
[ERROR]   [11] 00007FF747D55744
[ERROR]   [12] 00007FF747E5B4A2
[ERROR]   [13] 00007FF747E5B352
[ERROR]   [14] 00007FF747E5B20E
[ERROR]   [15] 00007FF747E5B53E
[ERROR] === END EXCEPTION INFO ===

=== PlasmaDX Log Session Started ===
Time: 2025-09-20 19:04:39
=====================================

[INFO] === PlasmaDX Starting (FMA3 disabled for CPU compatibility) ===
[INFO] App created, initializing...
[INFO] Debug console allocated
[INFO] Quit-on-device-removal is ENABLED (default)
[INFO] Initializing PlasmaDX with D3D12 Agility SDK...
[INFO] Agility exports: D3D12SDKVersion=616, D3D12SDKPath=D3D12\
[INFO] Debug console allocated
[INFO] Starting window creation...
[INFO] Registering window class...
[INFO] Creating window...
[INFO] Showing window...
[INFO] ShowWindow completed, calling UpdateWindow...
[INFO] UpdateWindow completed
[INFO] Window created successfully
[INFO] Window creation completed, starting device creation...
[INFO] === DEVICE CREATION MATRIX ===
[INFO] Testing: agility=ON debug=OFF
[INFO] Creating D3D12 device...
[INFO] Debug layer disabled for matrix testing
[INFO] Creating DXGI factory...
[INFO] DXGI factory created successfully
[INFO] Enumerating adapters...
[INFO] Found adapter: NVIDIA GeForce RTX 4060 Ti
[INFO] Attempting to create D3D12 device with adapter: NVIDIA GeForce RTX 4060 Ti
[INFO] D3D12 device created successfully
[INFO] Setting up InfoQueue for enhanced diagnostics...
[INFO] DXGI InfoQueue configured - logging errors (no breaks)
[INFO] MATRIX RESULT: agility=ON debug=OFF → SUCCESS tier=1.1
[INFO] DXR Tier: 1.1
[INFO] Initializing DXR...
[INFO] ASBuilder stub created
[INFO] Creating DescriptorHeap: type=CBV_SRV_UAV capacity=64 shaderVisible=true
[INFO] DescriptorHeap initialized successfully
[INFO] Building acceleration structures...
[INFO] ASBuilder::CreateTriangleBLAS stub - allocating dummy buffers
[INFO] ASBuilder::CreateTriangleBLAS stub completed successfully
[INFO] ASBuilder::BuildTLAS stub - allocating dummy buffers
[INFO] ASBuilder::BuildTLAS stub completed successfully
[INFO] Creating DXR pipeline with offline compiled shaders...
[ERROR] Failed to load DXR shader: Failed to load shader file: shaders/dxr/raytracing_lib.dxil
[WARN] Falling back to rasterization mode
[INFO] Creating shader binding table...
[INFO] PIX: SBT Build Start
[INFO] SBT stub created
[ERROR] === UNHANDLED EXCEPTION: 0xC0000005 ===
[ERROR] Exception address: 00007FF747D7AD7B
[ERROR] Faulting module: D:\Users\dilli\AndroidStudioProjects\PlasmaDX\build-vs2022b\Debug\PlasmaDX.exe
[ERROR] Stack trace:
[ERROR]   [0] 00007FFAD5AF6FD3
[ERROR]   [1] 00007FFAD89CA663
[ERROR]   [2] 00007FFAD8981AE3
[ERROR]   [3] 00007FFAD89C637F
[ERROR]   [4] 00007FFAD8872327
[ERROR]   [5] 00007FFAD89C5CBE
[ERROR]   [6] 00007FF747D7AD7B
[ERROR]   [7] 00007FF747D7AE8B
[ERROR]   [8] 00007FF747D6D1AB
[ERROR]   [9] 00007FF747D6BCDD
[ERROR]   [10] 00007FF747D65E93
[ERROR]   [11] 00007FF747D55744
[ERROR]   [12] 00007FF747E5B4A2
[ERROR]   [13] 00007FF747E5B352
[ERROR]   [14] 00007FF747E5B20E
[ERROR]   [15] 00007FF747E5B53E
[ERROR] === END EXCEPTION INFO ===

=== PlasmaDX Log Session Started ===
Time: 2025-09-20 19:05:56
=====================================

[INFO] === PlasmaDX Starting (FMA3 disabled for CPU compatibility) ===
[INFO] App created, initializing...
[INFO] Debug console allocated
[WARN] Quit-on-device-removal is DISABLED (env PLASMADX_NO_QUIT_ON_REMOVAL=1)
[INFO] Initializing PlasmaDX with D3D12 Agility SDK...
[INFO] Agility exports: D3D12SDKVersion=616, D3D12SDKPath=D3D12\
[INFO] Debug console allocated
[INFO] Starting window creation...
[INFO] Registering window class...
[INFO] Creating window...
[INFO] Showing window...
[INFO] ShowWindow completed, calling UpdateWindow...
[INFO] UpdateWindow completed
[INFO] Window created successfully
[INFO] Window creation completed, starting device creation...
[INFO] === DEVICE CREATION MATRIX ===
[INFO] Testing: agility=ON debug=OFF
[INFO] Creating D3D12 device...
[INFO] Debug layer disabled for matrix testing
[INFO] Creating DXGI factory...
[INFO] DXGI factory created successfully
[INFO] Enumerating adapters...
[INFO] Found adapter: NVIDIA GeForce RTX 4060 Ti
[INFO] Attempting to create D3D12 device with adapter: NVIDIA GeForce RTX 4060 Ti
[INFO] D3D12 device created successfully
[INFO] Setting up InfoQueue for enhanced diagnostics...
[INFO] DXGI InfoQueue configured - logging errors (no breaks)
[INFO] MATRIX RESULT: agility=ON debug=OFF → SUCCESS tier=1.1
[INFO] DXR Tier: 1.1
[INFO] Initializing DXR...
[INFO] ASBuilder stub created
[INFO] Creating DescriptorHeap: type=CBV_SRV_UAV capacity=64 shaderVisible=true
[INFO] DescriptorHeap initialized successfully
[INFO] Building acceleration structures...
[INFO] ASBuilder::CreateTriangleBLAS stub - allocating dummy buffers
[INFO] ASBuilder::CreateTriangleBLAS stub completed successfully
[INFO] ASBuilder::BuildTLAS stub - allocating dummy buffers
[INFO] ASBuilder::BuildTLAS stub completed successfully
[INFO] Creating DXR pipeline with offline compiled shaders...
[ERROR] Failed to load DXR shader: Failed to load shader file: shaders/dxr/raytracing_lib.dxil
[WARN] Falling back to rasterization mode
[INFO] Creating shader binding table...
[INFO] PIX: SBT Build Start
[INFO] SBT stub created
[ERROR] === UNHANDLED EXCEPTION: 0xC0000005 ===
[ERROR] Exception address: 00007FF747D7AD7B
[ERROR] Faulting module: D:\Users\dilli\AndroidStudioProjects\PlasmaDX\build-vs2022b\Debug\PlasmaDX.exe
[ERROR] Stack trace:
[ERROR]   [0] 00007FFAD5AF6FD3
[ERROR]   [1] 00007FFAD89CA663
[ERROR]   [2] 00007FFAD8981AE3
[ERROR]   [3] 00007FFAD89C637F
[ERROR]   [4] 00007FFAD8872327
[ERROR]   [5] 00007FFAD89C5CBE
[ERROR]   [6] 00007FF747D7AD7B
[ERROR]   [7] 00007FF747D7AE8B
[ERROR]   [8] 00007FF747D6D1AB
[ERROR]   [9] 00007FF747D6BCDD
[ERROR]   [10] 00007FF747D65E93
[ERROR]   [11] 00007FF747D55744
[ERROR]   [12] 00007FF747E5B4A2
[ERROR]   [13] 00007FF747E5B352
[ERROR]   [14] 00007FF747E5B20E
[ERROR]   [15] 00007FF747E5B53E
[ERROR] === END EXCEPTION INFO ===
